// Jest Snapshot v1, https://goo.gl/fbAQLP

exports[`AuthProvider renders children 1`] = `
<div>
  Test
</div>
`;
