// Jest Snapshot v1, https://goo.gl/fbAQLP

exports[`ModalProvider renders children without crashing 1`] = `
<div>
  Child Component
</div>
`;
